[22:21:12] [ServerMain/INFO]: [bootstrap] Running Java 21 (OpenJDK 64-Bit Server VM 21.0.9+10-Ubuntu-124.04; Ubuntu null) on Linux 6.8.0-1030-azure (amd64)
[22:21:12] [ServerMain/INFO]: [bootstrap] Loading Paper 1.21.10-117-ver/1.21.10@df4b668 (2025-11-30T22:37:28Z) for Minecraft 1.21.10
[22:21:12] [ServerMain/INFO]: [PluginInitializerManager] Initializing plugins...
[22:21:13] [ServerMain/INFO]: [PluginInitializerManager] Initialized 3 plugins
[22:21:13] [ServerMain/INFO]: [PluginInitializerManager] Bukkit plugins (3):
 - DayCounter (2.1), OpenInv (4.4.1), ViaVersion (5.5.2-SNAPSHOT)
[22:21:21] [ServerMain/INFO]: Environment: Environment[sessionHost=https://sessionserver.mojang.com, servicesHost=https://api.minecraftservices.com, profilesHost=https://api.mojang.com, name=PROD]
[22:21:25] [ServerMain/INFO]: Loaded 1461 recipes
[22:21:25] [ServerMain/INFO]: Loaded 1574 advancements
[22:21:25] [ServerMain/INFO]: [ca.spottedleaf.dataconverter.minecraft.datatypes.MCTypeRegistry] Initialising converters for DataConverter...
[22:21:26] [ServerMain/INFO]: [ca.spottedleaf.dataconverter.minecraft.datatypes.MCTypeRegistry] Finished initialising converters for DataConverter in 636.5ms
[22:21:26] [Server thread/INFO]: Starting minecraft server version 1.21.10
[22:21:26] [Server thread/INFO]: Loading properties
[22:21:26] [Server thread/INFO]: This server is running Paper version 1.21.10-117-ver/1.21.10@df4b668 (2025-11-30T22:37:28Z) (Implementing API version 1.21.10-R0.1-SNAPSHOT)
[22:21:26] [Server thread/INFO]: [spark] This server bundles the spark profiler. For more information please visit https://docs.papermc.io/paper/profiling
[22:21:26] [Server thread/INFO]: Server Ping Player Sample Count: 12
[22:21:26] [Server thread/INFO]: Using 4 threads for Netty based IO
[22:21:29] [Server thread/INFO]: [MoonriseCommon] Paper is using 1 worker threads, 1 I/O threads
[22:21:29] [Server thread/INFO]: Default game type: SURVIVAL
[22:21:29] [Server thread/INFO]: Generating keypair
[22:21:29] [Server thread/INFO]: Starting Minecraft server on *:25565
[22:21:29] [Server thread/INFO]: Using epoll channel type
[22:21:30] [Server thread/INFO]: Paper: Using libdeflate (Linux x86_64) compression from Velocity.
[22:21:30] [Server thread/INFO]: Paper: Using OpenSSL 3.x.x (Linux x86_64) cipher from Velocity.
[22:21:30] [Server thread/INFO]: [ViaVersion] Loading server plugin ViaVersion v5.5.2-SNAPSHOT
[22:21:30] [Server thread/INFO]: [ViaVersion] ViaVersion 5.5.2-SNAPSHOT is now loaded. Registering protocol transformers and injecting...
[22:21:31] [Via-Mappingloader-1/INFO]: [ViaVersion] Loading block connection mappings ...
[22:21:32] [Via-Mappingloader-1/INFO]: [ViaVersion] Using FastUtil Long2ObjectOpenHashMap for block connections
[22:21:32] [Server thread/INFO]: [DayCounter] Loading server plugin DayCounter v2.1
[22:21:32] [Server thread/INFO]: [OpenInv] Loading server plugin OpenInv v4.4.1
[22:21:32] [Server thread/INFO]: Server permissions file permissions.yml is empty, ignoring it
[22:21:32] [Server thread/WARN]: **** SERVER IS RUNNING IN OFFLINE/INSECURE MODE!
[22:21:32] [Server thread/WARN]: The server will make no attempt to authenticate usernames. Beware.
[22:21:32] [Server thread/WARN]: While this makes the game possible to play without internet access, it also opens up the ability for hackers to connect with any username they choose.
[22:21:32] [Server thread/WARN]: To change this, set "online-mode" to "true" in the server.properties file.
[22:21:32] [Server thread/INFO]: Preparing level "world"
[22:21:34] [Server thread/INFO]: Loading 0 persistent chunks for world 'minecraft:overworld'...
[22:21:34] [Server thread/INFO]: Preparing spawn area: 100%
[22:21:34] [Server thread/INFO]: Prepared spawn area in 3 ms
[22:21:34] [Server thread/INFO]: Loading 0 persistent chunks for world 'minecraft:the_nether'...
[22:21:34] [Server thread/INFO]: Preparing spawn area: 100%
[22:21:34] [Server thread/INFO]: Prepared spawn area in 3 ms
[22:21:34] [Server thread/INFO]: Loading 0 persistent chunks for world 'minecraft:the_end'...
[22:21:34] [Server thread/INFO]: Prepared spawn area in 2 ms
[22:21:34] [Server thread/INFO]: Done preparing level "world" (1.489s)
[22:21:34] [Server thread/INFO]: [ViaVersion] Enabling ViaVersion v5.5.2-SNAPSHOT
[22:21:34] [Server thread/INFO]: [ViaVersion] ViaVersion detected server version: 1.21.9-1.21.10 (773)
[22:21:34] [Server thread/WARN]: [ViaVersion] ViaVersion does not have any compatible versions for this server version!
[22:21:34] [Server thread/WARN]: [ViaVersion] ViaVersion only supports newer client versions. Use ViaBackwards to allow older versions (ViaRewind for 1.7/1.8) to join.
[22:21:34] [Server thread/WARN]: [ViaVersion] Get setup help at https://viaversion.com/setup or download ViaBackwards/ViaRewind directly at https://ci.viaversion.com/
[22:21:34] [Server thread/WARN]: [ViaVersion] Need more help? Join our Discord at https://viaversion.com/discord
[22:21:34] [Server thread/INFO]: [DayCounter] Enabling DayCounter v2.1
[22:21:34] [Server thread/INFO]: [OpenInv] Enabling OpenInv v4.4.1
[22:21:34] [Server thread/WARN]: [OpenInv] Your server version (craftbukkit) is not supported.
[22:21:34] [Server thread/WARN]: [OpenInv] Please download the correct version of OpenInv here: https://github.com/Jikoo/OpenInv/releases
[22:21:34] [Server thread/INFO]: [spark] Starting background profiler...
[22:21:35] [Server thread/INFO]: Running delayed init tasks
[22:21:35] [Server thread/INFO]: Done (25.521s)! For help, type "help"
[22:21:35] [Craft Scheduler Thread - 2 - ViaVersion/INFO]: [ViaVersion] Finished mapping loading, shutting down loader executor.
[22:21:35] [Server thread/WARN]: [ViaVersion] There is a newer plugin version available: 5.7.1, you're on: 5.5.2-SNAPSHOT
[22:30:21] [User Authenticator #0/INFO]: UUID of player Nickj22 is f99a5926-9b85-3fcc-af51-f35ddb8329ef
[22:30:29] [Server thread/INFO]: Nickj22 joined the game
[22:30:29] [Server thread/INFO]: Nickj22[/127.127.207.190:45581] logged in with entity id 167 at ([world]364.47544168879705, 61.0, -716.7543129372436)
